<?xml version="1.0"?>
<link_info>
   <banner>MSP430 Linker PC v16.9.0.LTS</banner>
   <copyright>Copyright (c) 2003-2015 Texas Instruments Incorporated</copyright>
   <link_time>0x5fd0cd63</link_time>
   <link_errors>0x0</link_errors>
   <output_file>Starblink.out</output_file>
   <entry_point>
      <name>_c_int00_noargs_noexit</name>
      <address>0x3124</address>
   </entry_point>
   <input_file_list>
      <input_file id="fl-2">
         <path>.\</path>
         <kind>object</kind>
         <file>button.obj</file>
         <name>button.obj</name>
      </input_file>
      <input_file id="fl-3">
         <path>.\</path>
         <kind>object</kind>
         <file>cprintf.obj</file>
         <name>cprintf.obj</name>
      </input_file>
      <input_file id="fl-4">
         <path>.\</path>
         <kind>object</kind>
         <file>led.obj</file>
         <name>led.obj</name>
      </input_file>
      <input_file id="fl-5">
         <path>.\</path>
         <kind>object</kind>
         <file>main.obj</file>
         <name>main.obj</name>
      </input_file>
      <input_file id="fl-6">
         <path>.\</path>
         <kind>object</kind>
         <file>spi.obj</file>
         <name>spi.obj</name>
      </input_file>
      <input_file id="fl-7">
         <path>.\</path>
         <kind>object</kind>
         <file>system.obj</file>
         <name>system.obj</name>
      </input_file>
      <input_file id="fl-22">
         <path>C:\ti\ccsv7\tools\compiler\ti-cgt-msp430_16.9.0.LTS\lib\</path>
         <kind>archive</kind>
         <file>rts430x_lc_rd_eabi.lib</file>
         <name>boot.obj</name>
      </input_file>
      <input_file id="fl-23">
         <path>C:\ti\ccsv7\tools\compiler\ti-cgt-msp430_16.9.0.LTS\lib\</path>
         <kind>archive</kind>
         <file>rts430x_lc_rd_eabi.lib</file>
         <name>boot_special.obj</name>
      </input_file>
      <input_file id="fl-24">
         <path>C:\ti\ccsv7\tools\compiler\ti-cgt-msp430_16.9.0.LTS\lib\</path>
         <kind>archive</kind>
         <file>rts430x_lc_rd_eabi.lib</file>
         <name>copy_decompress_lzss.obj</name>
      </input_file>
      <input_file id="fl-25">
         <path>C:\ti\ccsv7\tools\compiler\ti-cgt-msp430_16.9.0.LTS\lib\</path>
         <kind>archive</kind>
         <file>rts430x_lc_rd_eabi.lib</file>
         <name>copy_decompress_none.obj</name>
      </input_file>
      <input_file id="fl-26">
         <path>C:\ti\ccsv7\tools\compiler\ti-cgt-msp430_16.9.0.LTS\lib\</path>
         <kind>archive</kind>
         <file>rts430x_lc_rd_eabi.lib</file>
         <name>copy_zero_init.obj</name>
      </input_file>
      <input_file id="fl-27">
         <path>C:\ti\ccsv7\tools\compiler\ti-cgt-msp430_16.9.0.LTS\lib\</path>
         <kind>archive</kind>
         <file>rts430x_lc_rd_eabi.lib</file>
         <name>exit.obj</name>
      </input_file>
      <input_file id="fl-28">
         <path>C:\ti\ccsv7\tools\compiler\ti-cgt-msp430_16.9.0.LTS\lib\</path>
         <kind>archive</kind>
         <file>rts430x_lc_rd_eabi.lib</file>
         <name>exit_gvars.obj</name>
      </input_file>
      <input_file id="fl-29">
         <path>C:\ti\ccsv7\tools\compiler\ti-cgt-msp430_16.9.0.LTS\lib\</path>
         <kind>archive</kind>
         <file>rts430x_lc_rd_eabi.lib</file>
         <name>int00.obj</name>
      </input_file>
      <input_file id="fl-2a">
         <path>C:\ti\ccsv7\tools\compiler\ti-cgt-msp430_16.9.0.LTS\lib\</path>
         <kind>archive</kind>
         <file>rts430x_lc_rd_eabi.lib</file>
         <name>int01.obj</name>
      </input_file>
      <input_file id="fl-2b">
         <path>C:\ti\ccsv7\tools\compiler\ti-cgt-msp430_16.9.0.LTS\lib\</path>
         <kind>archive</kind>
         <file>rts430x_lc_rd_eabi.lib</file>
         <name>int02.obj</name>
      </input_file>
      <input_file id="fl-2c">
         <path>C:\ti\ccsv7\tools\compiler\ti-cgt-msp430_16.9.0.LTS\lib\</path>
         <kind>archive</kind>
         <file>rts430x_lc_rd_eabi.lib</file>
         <name>int03.obj</name>
      </input_file>
      <input_file id="fl-2d">
         <path>C:\ti\ccsv7\tools\compiler\ti-cgt-msp430_16.9.0.LTS\lib\</path>
         <kind>archive</kind>
         <file>rts430x_lc_rd_eabi.lib</file>
         <name>int04.obj</name>
      </input_file>
      <input_file id="fl-2e">
         <path>C:\ti\ccsv7\tools\compiler\ti-cgt-msp430_16.9.0.LTS\lib\</path>
         <kind>archive</kind>
         <file>rts430x_lc_rd_eabi.lib</file>
         <name>int05.obj</name>
      </input_file>
      <input_file id="fl-2f">
         <path>C:\ti\ccsv7\tools\compiler\ti-cgt-msp430_16.9.0.LTS\lib\</path>
         <kind>archive</kind>
         <file>rts430x_lc_rd_eabi.lib</file>
         <name>int06.obj</name>
      </input_file>
      <input_file id="fl-30">
         <path>C:\ti\ccsv7\tools\compiler\ti-cgt-msp430_16.9.0.LTS\lib\</path>
         <kind>archive</kind>
         <file>rts430x_lc_rd_eabi.lib</file>
         <name>int07.obj</name>
      </input_file>
      <input_file id="fl-31">
         <path>C:\ti\ccsv7\tools\compiler\ti-cgt-msp430_16.9.0.LTS\lib\</path>
         <kind>archive</kind>
         <file>rts430x_lc_rd_eabi.lib</file>
         <name>int08.obj</name>
      </input_file>
      <input_file id="fl-32">
         <path>C:\ti\ccsv7\tools\compiler\ti-cgt-msp430_16.9.0.LTS\lib\</path>
         <kind>archive</kind>
         <file>rts430x_lc_rd_eabi.lib</file>
         <name>int09.obj</name>
      </input_file>
      <input_file id="fl-33">
         <path>C:\ti\ccsv7\tools\compiler\ti-cgt-msp430_16.9.0.LTS\lib\</path>
         <kind>archive</kind>
         <file>rts430x_lc_rd_eabi.lib</file>
         <name>int10.obj</name>
      </input_file>
      <input_file id="fl-34">
         <path>C:\ti\ccsv7\tools\compiler\ti-cgt-msp430_16.9.0.LTS\lib\</path>
         <kind>archive</kind>
         <file>rts430x_lc_rd_eabi.lib</file>
         <name>int11.obj</name>
      </input_file>
      <input_file id="fl-35">
         <path>C:\ti\ccsv7\tools\compiler\ti-cgt-msp430_16.9.0.LTS\lib\</path>
         <kind>archive</kind>
         <file>rts430x_lc_rd_eabi.lib</file>
         <name>int12.obj</name>
      </input_file>
      <input_file id="fl-36">
         <path>C:\ti\ccsv7\tools\compiler\ti-cgt-msp430_16.9.0.LTS\lib\</path>
         <kind>archive</kind>
         <file>rts430x_lc_rd_eabi.lib</file>
         <name>int13.obj</name>
      </input_file>
      <input_file id="fl-37">
         <path>C:\ti\ccsv7\tools\compiler\ti-cgt-msp430_16.9.0.LTS\lib\</path>
         <kind>archive</kind>
         <file>rts430x_lc_rd_eabi.lib</file>
         <name>int14.obj</name>
      </input_file>
      <input_file id="fl-38">
         <path>C:\ti\ccsv7\tools\compiler\ti-cgt-msp430_16.9.0.LTS\lib\</path>
         <kind>archive</kind>
         <file>rts430x_lc_rd_eabi.lib</file>
         <name>int15.obj</name>
      </input_file>
      <input_file id="fl-39">
         <path>C:\ti\ccsv7\tools\compiler\ti-cgt-msp430_16.9.0.LTS\lib\</path>
         <kind>archive</kind>
         <file>rts430x_lc_rd_eabi.lib</file>
         <name>int16.obj</name>
      </input_file>
      <input_file id="fl-3a">
         <path>C:\ti\ccsv7\tools\compiler\ti-cgt-msp430_16.9.0.LTS\lib\</path>
         <kind>archive</kind>
         <file>rts430x_lc_rd_eabi.lib</file>
         <name>int17.obj</name>
      </input_file>
      <input_file id="fl-3b">
         <path>C:\ti\ccsv7\tools\compiler\ti-cgt-msp430_16.9.0.LTS\lib\</path>
         <kind>archive</kind>
         <file>rts430x_lc_rd_eabi.lib</file>
         <name>int19.obj</name>
      </input_file>
      <input_file id="fl-3c">
         <path>C:\ti\ccsv7\tools\compiler\ti-cgt-msp430_16.9.0.LTS\lib\</path>
         <kind>archive</kind>
         <file>rts430x_lc_rd_eabi.lib</file>
         <name>int20.obj</name>
      </input_file>
      <input_file id="fl-3d">
         <path>C:\ti\ccsv7\tools\compiler\ti-cgt-msp430_16.9.0.LTS\lib\</path>
         <kind>archive</kind>
         <file>rts430x_lc_rd_eabi.lib</file>
         <name>int21.obj</name>
      </input_file>
      <input_file id="fl-3e">
         <path>C:\ti\ccsv7\tools\compiler\ti-cgt-msp430_16.9.0.LTS\lib\</path>
         <kind>archive</kind>
         <file>rts430x_lc_rd_eabi.lib</file>
         <name>int22.obj</name>
      </input_file>
      <input_file id="fl-3f">
         <path>C:\ti\ccsv7\tools\compiler\ti-cgt-msp430_16.9.0.LTS\lib\</path>
         <kind>archive</kind>
         <file>rts430x_lc_rd_eabi.lib</file>
         <name>int23.obj</name>
      </input_file>
      <input_file id="fl-40">
         <path>C:\ti\ccsv7\tools\compiler\ti-cgt-msp430_16.9.0.LTS\lib\</path>
         <kind>archive</kind>
         <file>rts430x_lc_rd_eabi.lib</file>
         <name>int24.obj</name>
      </input_file>
      <input_file id="fl-41">
         <path>C:\ti\ccsv7\tools\compiler\ti-cgt-msp430_16.9.0.LTS\lib\</path>
         <kind>archive</kind>
         <file>rts430x_lc_rd_eabi.lib</file>
         <name>int25.obj</name>
      </input_file>
      <input_file id="fl-42">
         <path>C:\ti\ccsv7\tools\compiler\ti-cgt-msp430_16.9.0.LTS\lib\</path>
         <kind>archive</kind>
         <file>rts430x_lc_rd_eabi.lib</file>
         <name>int26.obj</name>
      </input_file>
      <input_file id="fl-43">
         <path>C:\ti\ccsv7\tools\compiler\ti-cgt-msp430_16.9.0.LTS\lib\</path>
         <kind>archive</kind>
         <file>rts430x_lc_rd_eabi.lib</file>
         <name>int27.obj</name>
      </input_file>
      <input_file id="fl-44">
         <path>C:\ti\ccsv7\tools\compiler\ti-cgt-msp430_16.9.0.LTS\lib\</path>
         <kind>archive</kind>
         <file>rts430x_lc_rd_eabi.lib</file>
         <name>int28.obj</name>
      </input_file>
      <input_file id="fl-45">
         <path>C:\ti\ccsv7\tools\compiler\ti-cgt-msp430_16.9.0.LTS\lib\</path>
         <kind>archive</kind>
         <file>rts430x_lc_rd_eabi.lib</file>
         <name>int29.obj</name>
      </input_file>
      <input_file id="fl-46">
         <path>C:\ti\ccsv7\tools\compiler\ti-cgt-msp430_16.9.0.LTS\lib\</path>
         <kind>archive</kind>
         <file>rts430x_lc_rd_eabi.lib</file>
         <name>int30.obj</name>
      </input_file>
      <input_file id="fl-47">
         <path>C:\ti\ccsv7\tools\compiler\ti-cgt-msp430_16.9.0.LTS\lib\</path>
         <kind>archive</kind>
         <file>rts430x_lc_rd_eabi.lib</file>
         <name>isr_trap.obj</name>
      </input_file>
      <input_file id="fl-48">
         <path>C:\ti\ccsv7\tools\compiler\ti-cgt-msp430_16.9.0.LTS\lib\</path>
         <kind>archive</kind>
         <file>rts430x_lc_rd_eabi.lib</file>
         <name>memcpy.obj</name>
      </input_file>
      <input_file id="fl-49">
         <path>C:\ti\ccsv7\tools\compiler\ti-cgt-msp430_16.9.0.LTS\lib\</path>
         <kind>archive</kind>
         <file>rts430x_lc_rd_eabi.lib</file>
         <name>mpu_init.obj</name>
      </input_file>
      <input_file id="fl-4a">
         <path>C:\ti\ccsv7\tools\compiler\ti-cgt-msp430_16.9.0.LTS\lib\</path>
         <kind>archive</kind>
         <file>rts430x_lc_rd_eabi.lib</file>
         <name>mult1632_hw.obj</name>
      </input_file>
      <input_file id="fl-4b">
         <path>C:\ti\ccsv7\tools\compiler\ti-cgt-msp430_16.9.0.LTS\lib\</path>
         <kind>archive</kind>
         <file>rts430x_lc_rd_eabi.lib</file>
         <name>mult16_hw.obj</name>
      </input_file>
      <input_file id="fl-4c">
         <path>C:\ti\ccsv7\tools\compiler\ti-cgt-msp430_16.9.0.LTS\lib\</path>
         <kind>archive</kind>
         <file>rts430x_lc_rd_eabi.lib</file>
         <name>mult3264_hw.obj</name>
      </input_file>
      <input_file id="fl-4d">
         <path>C:\ti\ccsv7\tools\compiler\ti-cgt-msp430_16.9.0.LTS\lib\</path>
         <kind>archive</kind>
         <file>rts430x_lc_rd_eabi.lib</file>
         <name>mult32_hw.obj</name>
      </input_file>
      <input_file id="fl-4e">
         <path>C:\ti\ccsv7\tools\compiler\ti-cgt-msp430_16.9.0.LTS\lib\</path>
         <kind>archive</kind>
         <file>rts430x_lc_rd_eabi.lib</file>
         <name>mult64_hw.obj</name>
      </input_file>
      <input_file id="fl-4f">
         <path>C:\ti\ccsv7\tools\compiler\ti-cgt-msp430_16.9.0.LTS\lib\</path>
         <kind>archive</kind>
         <file>rts430x_lc_rd_eabi.lib</file>
         <name>pre_init.obj</name>
      </input_file>
      <input_file id="fl-50">
         <path>C:\ti\ccsv7\tools\compiler\ti-cgt-msp430_16.9.0.LTS\lib\</path>
         <kind>archive</kind>
         <file>rts430x_lc_rd_eabi.lib</file>
         <name>_lock.obj</name>
      </input_file>
      <input_file id="fl-51">
         <path>C:\ti\ccsv7\tools\compiler\ti-cgt-msp430_16.9.0.LTS\lib\</path>
         <kind>archive</kind>
         <file>rts430x_lc_rd_eabi.lib</file>
         <name>args_main.obj</name>
      </input_file>
      <input_file id="fl-52">
         <path>C:\ti\ccsv7\tools\compiler\ti-cgt-msp430_16.9.0.LTS\lib\</path>
         <kind>archive</kind>
         <file>rts430x_lc_rd_eabi.lib</file>
         <name>autoinit_wdt.obj</name>
      </input_file>
      <input_file id="fl-53">
         <path>C:\ti\ccsv7\tools\compiler\ti-cgt-msp430_16.9.0.LTS\lib\</path>
         <kind>archive</kind>
         <file>rts430x_lc_rd_eabi.lib</file>
         <name>cpy_tbl.obj</name>
      </input_file>
      <input_file id="fl-54">
         <path>C:\ti\ccsv7\tools\compiler\ti-cgt-msp430_16.9.0.LTS\lib\</path>
         <kind>archive</kind>
         <file>rts430x_lc_rd_eabi.lib</file>
         <name>mult16.obj</name>
      </input_file>
      <input_file id="fl-55">
         <path>C:\ti\ccsv7\tools\compiler\ti-cgt-msp430_16.9.0.LTS\lib\</path>
         <kind>archive</kind>
         <file>rts430x_lc_rd_eabi.lib</file>
         <name>startup.obj</name>
      </input_file>
   </input_file_list>
   <object_component_list>
      <object_component id="oc-251">
         <name>.data</name>
         <load_address>0x1100</load_address>
         <run_address>0x1100</run_address>
         <size>0x8</size>
         <input_file_ref idref="fl-5"/>
      </object_component>
      <object_component id="oc-1a1">
         <name>.stack</name>
         <uninitialized>true</uninitialized>
         <run_address>0x30b0</run_address>
         <size>0x4</size>
         <input_file_ref idref="fl-22"/>
      </object_component>
      <object_component id="oc-2fa">
         <name>.stack</name>
         <uninitialized>true</uninitialized>
         <run_address>0x30b0</run_address>
         <size>0x0</size>
      </object_component>
      <object_component id="oc-245">
         <name>.text:system_init</name>
         <load_address>0x10000</load_address>
         <run_address>0x10000</run_address>
         <size>0x86</size>
         <input_file_ref idref="fl-7"/>
      </object_component>
      <object_component id="oc-1d5">
         <name>.text:_auto_init_hold_wdt</name>
         <load_address>0x10086</load_address>
         <run_address>0x10086</run_address>
         <size>0x82</size>
         <input_file_ref idref="fl-52"/>
      </object_component>
      <object_component id="oc-57">
         <name>.text:decompress:lzss:__TI_decompress_lzss</name>
         <load_address>0x10108</load_address>
         <run_address>0x10108</run_address>
         <size>0x78</size>
         <input_file_ref idref="fl-24"/>
      </object_component>
      <object_component id="oc-21e">
         <name>.text:copy_in</name>
         <load_address>0x10180</load_address>
         <run_address>0x10180</run_address>
         <size>0x66</size>
         <input_file_ref idref="fl-53"/>
      </object_component>
      <object_component id="oc-28f">
         <name>.text:_system_clock_init</name>
         <load_address>0x101e6</load_address>
         <run_address>0x101e6</run_address>
         <size>0x38</size>
         <input_file_ref idref="fl-7"/>
      </object_component>
      <object_component id="oc-1ef">
         <name>.text:main</name>
         <load_address>0x1021e</load_address>
         <run_address>0x1021e</run_address>
         <size>0x32</size>
         <input_file_ref idref="fl-5"/>
      </object_component>
      <object_component id="oc-295">
         <name>.text:_system_adc_init</name>
         <load_address>0x10250</load_address>
         <run_address>0x10250</run_address>
         <size>0x26</size>
         <input_file_ref idref="fl-7"/>
      </object_component>
      <object_component id="oc-260">
         <name>.text</name>
         <load_address>0x10276</load_address>
         <run_address>0x10276</run_address>
         <size>0x18</size>
         <input_file_ref idref="fl-4b"/>
      </object_component>
      <object_component id="oc-1b0">
         <name>.text:memcpy</name>
         <load_address>0x1028e</load_address>
         <run_address>0x1028e</run_address>
         <size>0x14</size>
         <input_file_ref idref="fl-48"/>
      </object_component>
      <object_component id="oc-5d">
         <name>.text:decompress:none:__TI_decompress_none</name>
         <load_address>0x102a2</load_address>
         <run_address>0x102a2</run_address>
         <size>0x12</size>
         <input_file_ref idref="fl-25"/>
      </object_component>
      <object_component id="oc-1f7">
         <name>.text:abort</name>
         <load_address>0x102b4</load_address>
         <run_address>0x102b4</run_address>
         <size>0x6</size>
         <input_file_ref idref="fl-27"/>
      </object_component>
      <object_component id="oc-24b">
         <name>.text:led1_init</name>
         <load_address>0x102ba</load_address>
         <run_address>0x102ba</run_address>
         <size>0x6</size>
         <input_file_ref idref="fl-4"/>
      </object_component>
      <object_component id="oc-254">
         <name>.text:led1_toggle</name>
         <load_address>0x102c0</load_address>
         <run_address>0x102c0</run_address>
         <size>0x6</size>
         <input_file_ref idref="fl-4"/>
      </object_component>
      <object_component id="oc-1cf">
         <name>.text:_system_pre_init</name>
         <load_address>0x102c6</load_address>
         <run_address>0x102c6</run_address>
         <size>0x4</size>
         <input_file_ref idref="fl-4f"/>
      </object_component>
      <object_component id="oc-224">
         <name>.text:_system_post_cinit</name>
         <load_address>0x102ca</load_address>
         <run_address>0x102ca</run_address>
         <size>0x2</size>
         <input_file_ref idref="fl-55"/>
      </object_component>
      <object_component id="oc-1c2">
         <name>.text:_isr:Port_1</name>
         <load_address>0x3100</load_address>
         <run_address>0x3100</run_address>
         <size>0x24</size>
         <input_file_ref idref="fl-5"/>
      </object_component>
      <object_component id="oc-a0">
         <name>.text:_isr:_c_int00_noargs_noexit</name>
         <load_address>0x3124</load_address>
         <run_address>0x3124</run_address>
         <size>0x1a</size>
         <input_file_ref idref="fl-23"/>
      </object_component>
      <object_component id="oc-1bd">
         <name>.text:_isr:__TI_ISR_TRAP</name>
         <load_address>0x313e</load_address>
         <run_address>0x313e</run_address>
         <size>0x8</size>
         <input_file_ref idref="fl-47"/>
      </object_component>
      <object_component id="oc-2f7">
         <name>__TI_handler_table</name>
         <load_address>0x3146</load_address>
         <run_address>0x3146</run_address>
         <size>0x8</size>
      </object_component>
      <object_component id="oc-2f9">
         <name>.cinit..data.load</name>
         <load_address>0x314e</load_address>
         <run_address>0x314e</run_address>
         <size>0x7</size>
      </object_component>
      <object_component id="oc-2f8">
         <name>__TI_cinit_table</name>
         <load_address>0x3156</load_address>
         <run_address>0x3156</run_address>
         <size>0x8</size>
      </object_component>
      <object_component id="oc-2b0">
         <name>.binit</name>
         <load_address>0x3100</load_address>
         <run_address>0x3100</run_address>
         <size>0x0</size>
      </object_component>
      <object_component id="oc-63">
         <name>.int00</name>
         <load_address>0xffc0</load_address>
         <run_address>0xffc0</run_address>
         <size>0x2</size>
         <input_file_ref idref="fl-29"/>
      </object_component>
      <object_component id="oc-64">
         <name>.int01</name>
         <load_address>0xffc2</load_address>
         <run_address>0xffc2</run_address>
         <size>0x2</size>
         <input_file_ref idref="fl-2a"/>
      </object_component>
      <object_component id="oc-65">
         <name>.int02</name>
         <load_address>0xffc4</load_address>
         <run_address>0xffc4</run_address>
         <size>0x2</size>
         <input_file_ref idref="fl-2b"/>
      </object_component>
      <object_component id="oc-66">
         <name>.int03</name>
         <load_address>0xffc6</load_address>
         <run_address>0xffc6</run_address>
         <size>0x2</size>
         <input_file_ref idref="fl-2c"/>
      </object_component>
      <object_component id="oc-67">
         <name>.int04</name>
         <load_address>0xffc8</load_address>
         <run_address>0xffc8</run_address>
         <size>0x2</size>
         <input_file_ref idref="fl-2d"/>
      </object_component>
      <object_component id="oc-68">
         <name>.int05</name>
         <load_address>0xffca</load_address>
         <run_address>0xffca</run_address>
         <size>0x2</size>
         <input_file_ref idref="fl-2e"/>
      </object_component>
      <object_component id="oc-69">
         <name>.int06</name>
         <load_address>0xffcc</load_address>
         <run_address>0xffcc</run_address>
         <size>0x2</size>
         <input_file_ref idref="fl-2f"/>
      </object_component>
      <object_component id="oc-6a">
         <name>.int07</name>
         <load_address>0xffce</load_address>
         <run_address>0xffce</run_address>
         <size>0x2</size>
         <input_file_ref idref="fl-30"/>
      </object_component>
      <object_component id="oc-6b">
         <name>.int08</name>
         <load_address>0xffd0</load_address>
         <run_address>0xffd0</run_address>
         <size>0x2</size>
         <input_file_ref idref="fl-31"/>
      </object_component>
      <object_component id="oc-6c">
         <name>.int09</name>
         <load_address>0xffd2</load_address>
         <run_address>0xffd2</run_address>
         <size>0x2</size>
         <input_file_ref idref="fl-32"/>
      </object_component>
      <object_component id="oc-6d">
         <name>.int10</name>
         <load_address>0xffd4</load_address>
         <run_address>0xffd4</run_address>
         <size>0x2</size>
         <input_file_ref idref="fl-33"/>
      </object_component>
      <object_component id="oc-6e">
         <name>.int11</name>
         <load_address>0xffd6</load_address>
         <run_address>0xffd6</run_address>
         <size>0x2</size>
         <input_file_ref idref="fl-34"/>
      </object_component>
      <object_component id="oc-6f">
         <name>.int12</name>
         <load_address>0xffd8</load_address>
         <run_address>0xffd8</run_address>
         <size>0x2</size>
         <input_file_ref idref="fl-35"/>
      </object_component>
      <object_component id="oc-70">
         <name>.int13</name>
         <load_address>0xffda</load_address>
         <run_address>0xffda</run_address>
         <size>0x2</size>
         <input_file_ref idref="fl-36"/>
      </object_component>
      <object_component id="oc-71">
         <name>.int14</name>
         <load_address>0xffdc</load_address>
         <run_address>0xffdc</run_address>
         <size>0x2</size>
         <input_file_ref idref="fl-37"/>
      </object_component>
      <object_component id="oc-72">
         <name>.int15</name>
         <load_address>0xffde</load_address>
         <run_address>0xffde</run_address>
         <size>0x2</size>
         <input_file_ref idref="fl-38"/>
      </object_component>
      <object_component id="oc-73">
         <name>.int16</name>
         <load_address>0xffe0</load_address>
         <run_address>0xffe0</run_address>
         <size>0x2</size>
         <input_file_ref idref="fl-39"/>
      </object_component>
      <object_component id="oc-74">
         <name>.int17</name>
         <load_address>0xffe2</load_address>
         <run_address>0xffe2</run_address>
         <size>0x2</size>
         <input_file_ref idref="fl-3a"/>
      </object_component>
      <object_component id="oc-75">
         <name>.int18</name>
         <load_address>0xffe4</load_address>
         <run_address>0xffe4</run_address>
         <size>0x2</size>
         <input_file_ref idref="fl-5"/>
      </object_component>
      <object_component id="oc-76">
         <name>.int19</name>
         <load_address>0xffe6</load_address>
         <run_address>0xffe6</run_address>
         <size>0x2</size>
         <input_file_ref idref="fl-3b"/>
      </object_component>
      <object_component id="oc-77">
         <name>.int20</name>
         <load_address>0xffe8</load_address>
         <run_address>0xffe8</run_address>
         <size>0x2</size>
         <input_file_ref idref="fl-3c"/>
      </object_component>
      <object_component id="oc-78">
         <name>.int21</name>
         <load_address>0xffea</load_address>
         <run_address>0xffea</run_address>
         <size>0x2</size>
         <input_file_ref idref="fl-3d"/>
      </object_component>
      <object_component id="oc-79">
         <name>.int22</name>
         <load_address>0xffec</load_address>
         <run_address>0xffec</run_address>
         <size>0x2</size>
         <input_file_ref idref="fl-3e"/>
      </object_component>
      <object_component id="oc-7a">
         <name>.int23</name>
         <load_address>0xffee</load_address>
         <run_address>0xffee</run_address>
         <size>0x2</size>
         <input_file_ref idref="fl-3f"/>
      </object_component>
      <object_component id="oc-7b">
         <name>.int24</name>
         <load_address>0xfff0</load_address>
         <run_address>0xfff0</run_address>
         <size>0x2</size>
         <input_file_ref idref="fl-40"/>
      </object_component>
      <object_component id="oc-7c">
         <name>.int25</name>
         <load_address>0xfff2</load_address>
         <run_address>0xfff2</run_address>
         <size>0x2</size>
         <input_file_ref idref="fl-41"/>
      </object_component>
      <object_component id="oc-7d">
         <name>.int26</name>
         <load_address>0xfff4</load_address>
         <run_address>0xfff4</run_address>
         <size>0x2</size>
         <input_file_ref idref="fl-42"/>
      </object_component>
      <object_component id="oc-7e">
         <name>.int27</name>
         <load_address>0xfff6</load_address>
         <run_address>0xfff6</run_address>
         <size>0x2</size>
         <input_file_ref idref="fl-43"/>
      </object_component>
      <object_component id="oc-7f">
         <name>.int28</name>
         <load_address>0xfff8</load_address>
         <run_address>0xfff8</run_address>
         <size>0x2</size>
         <input_file_ref idref="fl-44"/>
      </object_component>
      <object_component id="oc-80">
         <name>.int29</name>
         <load_address>0xfffa</load_address>
         <run_address>0xfffa</run_address>
         <size>0x2</size>
         <input_file_ref idref="fl-45"/>
      </object_component>
      <object_component id="oc-81">
         <name>.int30</name>
         <load_address>0xfffc</load_address>
         <run_address>0xfffc</run_address>
         <size>0x2</size>
         <input_file_ref idref="fl-46"/>
      </object_component>
      <object_component id="oc-1a4">
         <name>.reset</name>
         <load_address>0xfffe</load_address>
         <run_address>0xfffe</run_address>
         <size>0x2</size>
         <input_file_ref idref="fl-22"/>
      </object_component>
      <object_component id="oc-1ab">
         <name>.debug_info</name>
         <load_address>0x0</load_address>
         <run_address>0x0</run_address>
         <size>0x84</size>
         <input_file_ref idref="fl-2"/>
      </object_component>
      <object_component id="oc-20d">
         <name>.debug_info</name>
         <load_address>0x84</load_address>
         <run_address>0x84</run_address>
         <size>0x2c</size>
         <input_file_ref idref="fl-2"/>
      </object_component>
      <object_component id="oc-257">
         <name>.debug_info</name>
         <load_address>0xb0</load_address>
         <run_address>0xb0</run_address>
         <size>0x115</size>
         <input_file_ref idref="fl-4"/>
      </object_component>
      <object_component id="oc-24e">
         <name>.debug_info</name>
         <load_address>0x1c5</load_address>
         <run_address>0x1c5</run_address>
         <size>0x111</size>
         <input_file_ref idref="fl-4"/>
      </object_component>
      <object_component id="oc-252">
         <name>.debug_info</name>
         <load_address>0x2d6</load_address>
         <run_address>0x2d6</run_address>
         <size>0x167</size>
         <input_file_ref idref="fl-5"/>
      </object_component>
      <object_component id="oc-1f0">
         <name>.debug_info</name>
         <load_address>0x43d</load_address>
         <run_address>0x43d</run_address>
         <size>0x13c</size>
         <input_file_ref idref="fl-5"/>
      </object_component>
      <object_component id="oc-1c4">
         <name>.debug_info</name>
         <load_address>0x579</load_address>
         <run_address>0x579</run_address>
         <size>0x11b</size>
         <input_file_ref idref="fl-5"/>
      </object_component>
      <object_component id="oc-291">
         <name>.debug_info</name>
         <load_address>0x694</load_address>
         <run_address>0x694</run_address>
         <size>0x12b</size>
         <input_file_ref idref="fl-7"/>
      </object_component>
      <object_component id="oc-296">
         <name>.debug_info</name>
         <load_address>0x7bf</load_address>
         <run_address>0x7bf</run_address>
         <size>0x127</size>
         <input_file_ref idref="fl-7"/>
      </object_component>
      <object_component id="oc-246">
         <name>.debug_info</name>
         <load_address>0x8e6</load_address>
         <run_address>0x8e6</run_address>
         <size>0x149</size>
         <input_file_ref idref="fl-7"/>
      </object_component>
      <object_component id="oc-1a2">
         <name>.debug_info</name>
         <load_address>0xa2f</load_address>
         <run_address>0xa2f</run_address>
         <size>0xf5</size>
         <input_file_ref idref="fl-22"/>
      </object_component>
      <object_component id="oc-a3">
         <name>.debug_info</name>
         <load_address>0xb24</load_address>
         <run_address>0xb24</run_address>
         <size>0x196</size>
         <input_file_ref idref="fl-23"/>
      </object_component>
      <object_component id="oc-20a">
         <name>.debug_info</name>
         <load_address>0xcba</load_address>
         <run_address>0xcba</run_address>
         <size>0x170</size>
         <input_file_ref idref="fl-24"/>
      </object_component>
      <object_component id="oc-58">
         <name>.debug_info</name>
         <load_address>0xe2a</load_address>
         <run_address>0xe2a</run_address>
         <size>0x245</size>
         <input_file_ref idref="fl-24"/>
      </object_component>
      <object_component id="oc-1a6">
         <name>.debug_info</name>
         <load_address>0x106f</load_address>
         <run_address>0x106f</run_address>
         <size>0x60</size>
         <input_file_ref idref="fl-24"/>
      </object_component>
      <object_component id="oc-205">
         <name>.debug_info</name>
         <load_address>0x10cf</load_address>
         <run_address>0x10cf</run_address>
         <size>0x46</size>
         <input_file_ref idref="fl-24"/>
      </object_component>
      <object_component id="oc-1bc">
         <name>.debug_info</name>
         <load_address>0x1115</load_address>
         <run_address>0x1115</run_address>
         <size>0x1c6</size>
         <input_file_ref idref="fl-25"/>
      </object_component>
      <object_component id="oc-5e">
         <name>.debug_info</name>
         <load_address>0x12db</load_address>
         <run_address>0x12db</run_address>
         <size>0x1c8</size>
         <input_file_ref idref="fl-25"/>
      </object_component>
      <object_component id="oc-1b7">
         <name>.debug_info</name>
         <load_address>0x14a3</load_address>
         <run_address>0x14a3</run_address>
         <size>0x46</size>
         <input_file_ref idref="fl-25"/>
      </object_component>
      <object_component id="oc-214">
         <name>.debug_info</name>
         <load_address>0x14e9</load_address>
         <run_address>0x14e9</run_address>
         <size>0x2c</size>
         <input_file_ref idref="fl-25"/>
      </object_component>
      <object_component id="oc-1f9">
         <name>.debug_info</name>
         <load_address>0x1515</load_address>
         <run_address>0x1515</run_address>
         <size>0x117</size>
         <input_file_ref idref="fl-27"/>
      </object_component>
      <object_component id="oc-1bf">
         <name>.debug_info</name>
         <load_address>0x162c</load_address>
         <run_address>0x162c</run_address>
         <size>0x107</size>
         <input_file_ref idref="fl-47"/>
      </object_component>
      <object_component id="oc-20c">
         <name>.debug_info</name>
         <load_address>0x1733</load_address>
         <run_address>0x1733</run_address>
         <size>0x17c</size>
         <input_file_ref idref="fl-48"/>
      </object_component>
      <object_component id="oc-1b1">
         <name>.debug_info</name>
         <load_address>0x18af</load_address>
         <run_address>0x18af</run_address>
         <size>0x191</size>
         <input_file_ref idref="fl-48"/>
      </object_component>
      <object_component id="oc-261">
         <name>.debug_info</name>
         <load_address>0x1a40</load_address>
         <run_address>0x1a40</run_address>
         <size>0x122</size>
         <input_file_ref idref="fl-4b"/>
      </object_component>
      <object_component id="oc-1d1">
         <name>.debug_info</name>
         <load_address>0x1b62</load_address>
         <run_address>0x1b62</run_address>
         <size>0x148</size>
         <input_file_ref idref="fl-4f"/>
      </object_component>
      <object_component id="oc-230">
         <name>.debug_info</name>
         <load_address>0x1caa</load_address>
         <run_address>0x1caa</run_address>
         <size>0x3f5</size>
         <input_file_ref idref="fl-52"/>
      </object_component>
      <object_component id="oc-1d8">
         <name>.debug_info</name>
         <load_address>0x209f</load_address>
         <run_address>0x209f</run_address>
         <size>0x21e</size>
         <input_file_ref idref="fl-52"/>
      </object_component>
      <object_component id="oc-26a">
         <name>.debug_info</name>
         <load_address>0x22bd</load_address>
         <run_address>0x22bd</run_address>
         <size>0x39</size>
         <input_file_ref idref="fl-52"/>
      </object_component>
      <object_component id="oc-22b">
         <name>.debug_info</name>
         <load_address>0x22f6</load_address>
         <run_address>0x22f6</run_address>
         <size>0x2c</size>
         <input_file_ref idref="fl-52"/>
      </object_component>
      <object_component id="oc-26f">
         <name>.debug_info</name>
         <load_address>0x2322</load_address>
         <run_address>0x2322</run_address>
         <size>0xcd</size>
         <input_file_ref idref="fl-52"/>
      </object_component>
      <object_component id="oc-266">
         <name>.debug_info</name>
         <load_address>0x23ef</load_address>
         <run_address>0x23ef</run_address>
         <size>0x266</size>
         <input_file_ref idref="fl-53"/>
      </object_component>
      <object_component id="oc-221">
         <name>.debug_info</name>
         <load_address>0x2655</load_address>
         <run_address>0x2655</run_address>
         <size>0x1b0</size>
         <input_file_ref idref="fl-53"/>
      </object_component>
      <object_component id="oc-2a3">
         <name>.debug_info</name>
         <load_address>0x2805</load_address>
         <run_address>0x2805</run_address>
         <size>0x2c</size>
         <input_file_ref idref="fl-53"/>
      </object_component>
      <object_component id="oc-226">
         <name>.debug_info</name>
         <load_address>0x2831</load_address>
         <run_address>0x2831</run_address>
         <size>0x145</size>
         <input_file_ref idref="fl-55"/>
      </object_component>
      <object_component id="oc-2fc">
         <name>.debug_info</name>
         <load_address>0x2976</load_address>
         <run_address>0x2976</run_address>
         <size>0xba</size>
      </object_component>
      <object_component id="oc-1ae">
         <name>.debug_line</name>
         <load_address>0x0</load_address>
         <run_address>0x0</run_address>
         <size>0x20</size>
         <input_file_ref idref="fl-2"/>
      </object_component>
      <object_component id="oc-210">
         <name>.debug_line</name>
         <load_address>0x20</load_address>
         <run_address>0x20</run_address>
         <size>0x68</size>
         <input_file_ref idref="fl-2"/>
      </object_component>
      <object_component id="oc-255">
         <name>.debug_line</name>
         <load_address>0x88</load_address>
         <run_address>0x88</run_address>
         <size>0x3c</size>
         <input_file_ref idref="fl-4"/>
      </object_component>
      <object_component id="oc-24d">
         <name>.debug_line</name>
         <load_address>0xc4</load_address>
         <run_address>0xc4</run_address>
         <size>0x3c</size>
         <input_file_ref idref="fl-4"/>
      </object_component>
      <object_component id="oc-29e">
         <name>.debug_line</name>
         <load_address>0x100</load_address>
         <run_address>0x100</run_address>
         <size>0x2d</size>
         <input_file_ref idref="fl-5"/>
      </object_component>
      <object_component id="oc-1f3">
         <name>.debug_line</name>
         <load_address>0x12d</load_address>
         <run_address>0x12d</run_address>
         <size>0x4a</size>
         <input_file_ref idref="fl-5"/>
      </object_component>
      <object_component id="oc-1c3">
         <name>.debug_line</name>
         <load_address>0x177</load_address>
         <run_address>0x177</run_address>
         <size>0x4c</size>
         <input_file_ref idref="fl-5"/>
      </object_component>
      <object_component id="oc-290">
         <name>.debug_line</name>
         <load_address>0x1c3</load_address>
         <run_address>0x1c3</run_address>
         <size>0x4d</size>
         <input_file_ref idref="fl-7"/>
      </object_component>
      <object_component id="oc-299">
         <name>.debug_line</name>
         <load_address>0x210</load_address>
         <run_address>0x210</run_address>
         <size>0x49</size>
         <input_file_ref idref="fl-7"/>
      </object_component>
      <object_component id="oc-24a">
         <name>.debug_line</name>
         <load_address>0x259</load_address>
         <run_address>0x259</run_address>
         <size>0x5f</size>
         <input_file_ref idref="fl-7"/>
      </object_component>
      <object_component id="oc-204">
         <name>.debug_line</name>
         <load_address>0x2b8</load_address>
         <run_address>0x2b8</run_address>
         <size>0x2a</size>
         <input_file_ref idref="fl-22"/>
      </object_component>
      <object_component id="oc-a2">
         <name>.debug_line</name>
         <load_address>0x2e2</load_address>
         <run_address>0x2e2</run_address>
         <size>0x4c</size>
         <input_file_ref idref="fl-23"/>
      </object_component>
      <object_component id="oc-25d">
         <name>.debug_line</name>
         <load_address>0x32e</load_address>
         <run_address>0x32e</run_address>
         <size>0x20</size>
         <input_file_ref idref="fl-24"/>
      </object_component>
      <object_component id="oc-5c">
         <name>.debug_line</name>
         <load_address>0x34e</load_address>
         <run_address>0x34e</run_address>
         <size>0x99</size>
         <input_file_ref idref="fl-24"/>
      </object_component>
      <object_component id="oc-1a9">
         <name>.debug_line</name>
         <load_address>0x3e7</load_address>
         <run_address>0x3e7</run_address>
         <size>0x3a</size>
         <input_file_ref idref="fl-24"/>
      </object_component>
      <object_component id="oc-208">
         <name>.debug_line</name>
         <load_address>0x421</load_address>
         <run_address>0x421</run_address>
         <size>0x8a</size>
         <input_file_ref idref="fl-24"/>
      </object_component>
      <object_component id="oc-213">
         <name>.debug_line</name>
         <load_address>0x4ab</load_address>
         <run_address>0x4ab</run_address>
         <size>0x8a</size>
         <input_file_ref idref="fl-25"/>
      </object_component>
      <object_component id="oc-62">
         <name>.debug_line</name>
         <load_address>0x535</load_address>
         <run_address>0x535</run_address>
         <size>0x50</size>
         <input_file_ref idref="fl-25"/>
      </object_component>
      <object_component id="oc-1ba">
         <name>.debug_line</name>
         <load_address>0x585</load_address>
         <run_address>0x585</run_address>
         <size>0x3a</size>
         <input_file_ref idref="fl-25"/>
      </object_component>
      <object_component id="oc-217">
         <name>.debug_line</name>
         <load_address>0x5bf</load_address>
         <run_address>0x5bf</run_address>
         <size>0x8a</size>
         <input_file_ref idref="fl-25"/>
      </object_component>
      <object_component id="oc-1fb">
         <name>.debug_line</name>
         <load_address>0x649</load_address>
         <run_address>0x649</run_address>
         <size>0x3d</size>
         <input_file_ref idref="fl-27"/>
      </object_component>
      <object_component id="oc-1c1">
         <name>.debug_line</name>
         <load_address>0x686</load_address>
         <run_address>0x686</run_address>
         <size>0x3d</size>
         <input_file_ref idref="fl-47"/>
      </object_component>
      <object_component id="oc-25f">
         <name>.debug_line</name>
         <load_address>0x6c3</load_address>
         <run_address>0x6c3</run_address>
         <size>0x20</size>
         <input_file_ref idref="fl-48"/>
      </object_component>
      <object_component id="oc-1b4">
         <name>.debug_line</name>
         <load_address>0x6e3</load_address>
         <run_address>0x6e3</run_address>
         <size>0x45</size>
         <input_file_ref idref="fl-48"/>
      </object_component>
      <object_component id="oc-264">
         <name>.debug_line</name>
         <load_address>0x728</load_address>
         <run_address>0x728</run_address>
         <size>0x44</size>
         <input_file_ref idref="fl-4b"/>
      </object_component>
      <object_component id="oc-1d3">
         <name>.debug_line</name>
         <load_address>0x76c</load_address>
         <run_address>0x76c</run_address>
         <size>0x3e</size>
         <input_file_ref idref="fl-4f"/>
      </object_component>
      <object_component id="oc-269">
         <name>.debug_line</name>
         <load_address>0x7aa</load_address>
         <run_address>0x7aa</run_address>
         <size>0xbb</size>
         <input_file_ref idref="fl-52"/>
      </object_component>
      <object_component id="oc-1d6">
         <name>.debug_line</name>
         <load_address>0x865</load_address>
         <run_address>0x865</run_address>
         <size>0xa7</size>
         <input_file_ref idref="fl-52"/>
      </object_component>
      <object_component id="oc-26d">
         <name>.debug_line</name>
         <load_address>0x90c</load_address>
         <run_address>0x90c</run_address>
         <size>0x2e</size>
         <input_file_ref idref="fl-52"/>
      </object_component>
      <object_component id="oc-22e">
         <name>.debug_line</name>
         <load_address>0x93a</load_address>
         <run_address>0x93a</run_address>
         <size>0x8a</size>
         <input_file_ref idref="fl-52"/>
      </object_component>
      <object_component id="oc-272">
         <name>.debug_line</name>
         <load_address>0x9c4</load_address>
         <run_address>0x9c4</run_address>
         <size>0x8b</size>
         <input_file_ref idref="fl-52"/>
      </object_component>
      <object_component id="oc-2a2">
         <name>.debug_line</name>
         <load_address>0xa4f</load_address>
         <run_address>0xa4f</run_address>
         <size>0x98</size>
         <input_file_ref idref="fl-53"/>
      </object_component>
      <object_component id="oc-220">
         <name>.debug_line</name>
         <load_address>0xae7</load_address>
         <run_address>0xae7</run_address>
         <size>0x66</size>
         <input_file_ref idref="fl-53"/>
      </object_component>
      <object_component id="oc-2a6">
         <name>.debug_line</name>
         <load_address>0xb4d</load_address>
         <run_address>0xb4d</run_address>
         <size>0x2e</size>
         <input_file_ref idref="fl-53"/>
      </object_component>
      <object_component id="oc-228">
         <name>.debug_line</name>
         <load_address>0xb7b</load_address>
         <run_address>0xb7b</run_address>
         <size>0x3a</size>
         <input_file_ref idref="fl-55"/>
      </object_component>
      <object_component id="oc-1ad">
         <name>.debug_abbrev</name>
         <load_address>0x0</load_address>
         <run_address>0x0</run_address>
         <size>0x1f</size>
         <input_file_ref idref="fl-2"/>
      </object_component>
      <object_component id="oc-20f">
         <name>.debug_abbrev</name>
         <load_address>0x1f</load_address>
         <run_address>0x1f</run_address>
         <size>0x24</size>
         <input_file_ref idref="fl-2"/>
      </object_component>
      <object_component id="oc-29f">
         <name>.debug_abbrev</name>
         <load_address>0x43</load_address>
         <run_address>0x43</run_address>
         <size>0x50</size>
         <input_file_ref idref="fl-4"/>
      </object_component>
      <object_component id="oc-29c">
         <name>.debug_abbrev</name>
         <load_address>0x93</load_address>
         <run_address>0x93</run_address>
         <size>0x50</size>
         <input_file_ref idref="fl-4"/>
      </object_component>
      <object_component id="oc-29d">
         <name>.debug_abbrev</name>
         <load_address>0xe3</load_address>
         <run_address>0xe3</run_address>
         <size>0x29</size>
         <input_file_ref idref="fl-5"/>
      </object_component>
      <object_component id="oc-25a">
         <name>.debug_abbrev</name>
         <load_address>0x10c</load_address>
         <run_address>0x10c</run_address>
         <size>0x54</size>
         <input_file_ref idref="fl-5"/>
      </object_component>
      <object_component id="oc-21a">
         <name>.debug_abbrev</name>
         <load_address>0x160</load_address>
         <run_address>0x160</run_address>
         <size>0x53</size>
         <input_file_ref idref="fl-5"/>
      </object_component>
      <object_component id="oc-2ad">
         <name>.debug_abbrev</name>
         <load_address>0x1b3</load_address>
         <run_address>0x1b3</run_address>
         <size>0x4e</size>
         <input_file_ref idref="fl-7"/>
      </object_component>
      <object_component id="oc-2ae">
         <name>.debug_abbrev</name>
         <load_address>0x201</load_address>
         <run_address>0x201</run_address>
         <size>0x4e</size>
         <input_file_ref idref="fl-7"/>
      </object_component>
      <object_component id="oc-29b">
         <name>.debug_abbrev</name>
         <load_address>0x24f</load_address>
         <run_address>0x24f</run_address>
         <size>0x63</size>
         <input_file_ref idref="fl-7"/>
      </object_component>
      <object_component id="oc-203">
         <name>.debug_abbrev</name>
         <load_address>0x2b2</load_address>
         <run_address>0x2b2</run_address>
         <size>0x29</size>
         <input_file_ref idref="fl-22"/>
      </object_component>
      <object_component id="oc-1fd">
         <name>.debug_abbrev</name>
         <load_address>0x2db</load_address>
         <run_address>0x2db</run_address>
         <size>0x58</size>
         <input_file_ref idref="fl-23"/>
      </object_component>
      <object_component id="oc-25c">
         <name>.debug_abbrev</name>
         <load_address>0x333</load_address>
         <run_address>0x333</run_address>
         <size>0x40</size>
         <input_file_ref idref="fl-24"/>
      </object_component>
      <object_component id="oc-1a5">
         <name>.debug_abbrev</name>
         <load_address>0x373</load_address>
         <run_address>0x373</run_address>
         <size>0x6f</size>
         <input_file_ref idref="fl-24"/>
      </object_component>
      <object_component id="oc-1a8">
         <name>.debug_abbrev</name>
         <load_address>0x3e2</load_address>
         <run_address>0x3e2</run_address>
         <size>0x24</size>
         <input_file_ref idref="fl-24"/>
      </object_component>
      <object_component id="oc-207">
         <name>.debug_abbrev</name>
         <load_address>0x406</load_address>
         <run_address>0x406</run_address>
         <size>0x35</size>
         <input_file_ref idref="fl-24"/>
      </object_component>
      <object_component id="oc-212">
         <name>.debug_abbrev</name>
         <load_address>0x43b</load_address>
         <run_address>0x43b</run_address>
         <size>0x66</size>
         <input_file_ref idref="fl-25"/>
      </object_component>
      <object_component id="oc-1b6">
         <name>.debug_abbrev</name>
         <load_address>0x4a1</load_address>
         <run_address>0x4a1</run_address>
         <size>0x74</size>
         <input_file_ref idref="fl-25"/>
      </object_component>
      <object_component id="oc-1b9">
         <name>.debug_abbrev</name>
         <load_address>0x515</load_address>
         <run_address>0x515</run_address>
         <size>0x24</size>
         <input_file_ref idref="fl-25"/>
      </object_component>
      <object_component id="oc-216">
         <name>.debug_abbrev</name>
         <load_address>0x539</load_address>
         <run_address>0x539</run_address>
         <size>0x24</size>
         <input_file_ref idref="fl-25"/>
      </object_component>
      <object_component id="oc-25b">
         <name>.debug_abbrev</name>
         <load_address>0x55d</load_address>
         <run_address>0x55d</run_address>
         <size>0x45</size>
         <input_file_ref idref="fl-27"/>
      </object_component>
      <object_component id="oc-219">
         <name>.debug_abbrev</name>
         <load_address>0x5a2</load_address>
         <run_address>0x5a2</run_address>
         <size>0x28</size>
         <input_file_ref idref="fl-47"/>
      </object_component>
      <object_component id="oc-25e">
         <name>.debug_abbrev</name>
         <load_address>0x5ca</load_address>
         <run_address>0x5ca</run_address>
         <size>0x49</size>
         <input_file_ref idref="fl-48"/>
      </object_component>
      <object_component id="oc-20b">
         <name>.debug_abbrev</name>
         <load_address>0x613</load_address>
         <run_address>0x613</run_address>
         <size>0x71</size>
         <input_file_ref idref="fl-48"/>
      </object_component>
      <object_component id="oc-2a0">
         <name>.debug_abbrev</name>
         <load_address>0x684</load_address>
         <run_address>0x684</run_address>
         <size>0x3c</size>
         <input_file_ref idref="fl-4b"/>
      </object_component>
      <object_component id="oc-21d">
         <name>.debug_abbrev</name>
         <load_address>0x6c0</load_address>
         <run_address>0x6c0</run_address>
         <size>0x55</size>
         <input_file_ref idref="fl-4f"/>
      </object_component>
      <object_component id="oc-268">
         <name>.debug_abbrev</name>
         <load_address>0x715</load_address>
         <run_address>0x715</run_address>
         <size>0xcb</size>
         <input_file_ref idref="fl-52"/>
      </object_component>
      <object_component id="oc-22a">
         <name>.debug_abbrev</name>
         <load_address>0x7e0</load_address>
         <run_address>0x7e0</run_address>
         <size>0x7e</size>
         <input_file_ref idref="fl-52"/>
      </object_component>
      <object_component id="oc-26c">
         <name>.debug_abbrev</name>
         <load_address>0x85e</load_address>
         <run_address>0x85e</run_address>
         <size>0x24</size>
         <input_file_ref idref="fl-52"/>
      </object_component>
      <object_component id="oc-22d">
         <name>.debug_abbrev</name>
         <load_address>0x882</load_address>
         <run_address>0x882</run_address>
         <size>0x24</size>
         <input_file_ref idref="fl-52"/>
      </object_component>
      <object_component id="oc-271">
         <name>.debug_abbrev</name>
         <load_address>0x8a6</load_address>
         <run_address>0x8a6</run_address>
         <size>0x4b</size>
         <input_file_ref idref="fl-52"/>
      </object_component>
      <object_component id="oc-2a1">
         <name>.debug_abbrev</name>
         <load_address>0x8f1</load_address>
         <run_address>0x8f1</run_address>
         <size>0xb2</size>
         <input_file_ref idref="fl-53"/>
      </object_component>
      <object_component id="oc-265">
         <name>.debug_abbrev</name>
         <load_address>0x9a3</load_address>
         <run_address>0x9a3</run_address>
         <size>0x8c</size>
         <input_file_ref idref="fl-53"/>
      </object_component>
      <object_component id="oc-2a5">
         <name>.debug_abbrev</name>
         <load_address>0xa2f</load_address>
         <run_address>0xa2f</run_address>
         <size>0x24</size>
         <input_file_ref idref="fl-53"/>
      </object_component>
      <object_component id="oc-267">
         <name>.debug_abbrev</name>
         <load_address>0xa53</load_address>
         <run_address>0xa53</run_address>
         <size>0x53</size>
         <input_file_ref idref="fl-55"/>
      </object_component>
      <object_component id="oc-2fd">
         <name>.debug_abbrev</name>
         <load_address>0xaa6</load_address>
         <run_address>0xaa6</run_address>
         <size>0xf</size>
      </object_component>
      <object_component id="oc-1af">
         <name>.debug_str</name>
         <load_address>0x0</load_address>
         <run_address>0x0</run_address>
         <size>0xfa</size>
         <input_file_ref idref="fl-2"/>
      </object_component>
      <object_component id="oc-211">
         <name>.debug_str</name>
         <load_address>0xfa</load_address>
         <run_address>0xfa</run_address>
         <size>0xf7</size>
         <input_file_ref idref="fl-2"/>
      </object_component>
      <object_component id="oc-1aa">
         <name>.debug_str</name>
         <load_address>0x1f1</load_address>
         <run_address>0x1f1</run_address>
         <size>0x10d</size>
         <input_file_ref idref="fl-24"/>
      </object_component>
      <object_component id="oc-209">
         <name>.debug_str</name>
         <load_address>0x2fe</load_address>
         <run_address>0x2fe</run_address>
         <size>0x14a</size>
         <input_file_ref idref="fl-24"/>
      </object_component>
      <object_component id="oc-1bb">
         <name>.debug_str</name>
         <load_address>0x448</load_address>
         <run_address>0x448</run_address>
         <size>0x100</size>
         <input_file_ref idref="fl-25"/>
      </object_component>
      <object_component id="oc-218">
         <name>.debug_str</name>
         <load_address>0x548</load_address>
         <run_address>0x548</run_address>
         <size>0x12d</size>
         <input_file_ref idref="fl-25"/>
      </object_component>
      <object_component id="oc-26e">
         <name>.debug_str</name>
         <load_address>0x675</load_address>
         <run_address>0x675</run_address>
         <size>0xe2</size>
         <input_file_ref idref="fl-52"/>
      </object_component>
      <object_component id="oc-22f">
         <name>.debug_str</name>
         <load_address>0x757</load_address>
         <run_address>0x757</run_address>
         <size>0x12f</size>
         <input_file_ref idref="fl-52"/>
      </object_component>
      <object_component id="oc-273">
         <name>.debug_str</name>
         <load_address>0x886</load_address>
         <run_address>0x886</run_address>
         <size>0x184</size>
         <input_file_ref idref="fl-52"/>
      </object_component>
      <object_component id="oc-2a7">
         <name>.debug_str</name>
         <load_address>0xa0a</load_address>
         <run_address>0xa0a</run_address>
         <size>0xd7</size>
         <input_file_ref idref="fl-53"/>
      </object_component>
      <object_component id="oc-1ac">
         <name>.debug_pubtypes</name>
         <load_address>0x0</load_address>
         <run_address>0x0</run_address>
         <size>0xed</size>
         <input_file_ref idref="fl-2"/>
      </object_component>
      <object_component id="oc-20e">
         <name>.debug_pubtypes</name>
         <load_address>0xed</load_address>
         <run_address>0xed</run_address>
         <size>0x1d</size>
         <input_file_ref idref="fl-2"/>
      </object_component>
      <object_component id="oc-1a7">
         <name>.debug_pubtypes</name>
         <load_address>0x10a</load_address>
         <run_address>0x10a</run_address>
         <size>0x5d</size>
         <input_file_ref idref="fl-24"/>
      </object_component>
      <object_component id="oc-206">
         <name>.debug_pubtypes</name>
         <load_address>0x167</load_address>
         <run_address>0x167</run_address>
         <size>0x42</size>
         <input_file_ref idref="fl-24"/>
      </object_component>
      <object_component id="oc-1b8">
         <name>.debug_pubtypes</name>
         <load_address>0x1a9</load_address>
         <run_address>0x1a9</run_address>
         <size>0x48</size>
         <input_file_ref idref="fl-25"/>
      </object_component>
      <object_component id="oc-215">
         <name>.debug_pubtypes</name>
         <load_address>0x1f1</load_address>
         <run_address>0x1f1</run_address>
         <size>0x1d</size>
         <input_file_ref idref="fl-25"/>
      </object_component>
      <object_component id="oc-26b">
         <name>.debug_pubtypes</name>
         <load_address>0x20e</load_address>
         <run_address>0x20e</run_address>
         <size>0x32</size>
         <input_file_ref idref="fl-52"/>
      </object_component>
      <object_component id="oc-22c">
         <name>.debug_pubtypes</name>
         <load_address>0x240</load_address>
         <run_address>0x240</run_address>
         <size>0x1f</size>
         <input_file_ref idref="fl-52"/>
      </object_component>
      <object_component id="oc-270">
         <name>.debug_pubtypes</name>
         <load_address>0x25f</load_address>
         <run_address>0x25f</run_address>
         <size>0x50</size>
         <input_file_ref idref="fl-52"/>
      </object_component>
      <object_component id="oc-2a4">
         <name>.debug_pubtypes</name>
         <load_address>0x2af</load_address>
         <run_address>0x2af</run_address>
         <size>0x23</size>
         <input_file_ref idref="fl-53"/>
      </object_component>
      <object_component id="oc-256">
         <name>.debug_frame</name>
         <load_address>0x0</load_address>
         <run_address>0x0</run_address>
         <size>0x39</size>
         <input_file_ref idref="fl-4"/>
      </object_component>
      <object_component id="oc-24c">
         <name>.debug_frame</name>
         <load_address>0x39</load_address>
         <run_address>0x39</run_address>
         <size>0x39</size>
         <input_file_ref idref="fl-4"/>
      </object_component>
      <object_component id="oc-1f4">
         <name>.debug_frame</name>
         <load_address>0x72</load_address>
         <run_address>0x72</run_address>
         <size>0x39</size>
         <input_file_ref idref="fl-5"/>
      </object_component>
      <object_component id="oc-1c7">
         <name>.debug_frame</name>
         <load_address>0xab</load_address>
         <run_address>0xab</run_address>
         <size>0x3f</size>
         <input_file_ref idref="fl-5"/>
      </object_component>
      <object_component id="oc-294">
         <name>.debug_frame</name>
         <load_address>0xea</load_address>
         <run_address>0xea</run_address>
         <size>0x3d</size>
         <input_file_ref idref="fl-7"/>
      </object_component>
      <object_component id="oc-29a">
         <name>.debug_frame</name>
         <load_address>0x127</load_address>
         <run_address>0x127</run_address>
         <size>0x39</size>
         <input_file_ref idref="fl-7"/>
      </object_component>
      <object_component id="oc-249">
         <name>.debug_frame</name>
         <load_address>0x160</load_address>
         <run_address>0x160</run_address>
         <size>0x3a</size>
         <input_file_ref idref="fl-7"/>
      </object_component>
      <object_component id="oc-a1">
         <name>.debug_frame</name>
         <load_address>0x19a</load_address>
         <run_address>0x19a</run_address>
         <size>0x34</size>
         <input_file_ref idref="fl-23"/>
      </object_component>
      <object_component id="oc-5b">
         <name>.debug_frame</name>
         <load_address>0x1ce</load_address>
         <run_address>0x1ce</run_address>
         <size>0x48</size>
         <input_file_ref idref="fl-24"/>
      </object_component>
      <object_component id="oc-61">
         <name>.debug_frame</name>
         <load_address>0x216</load_address>
         <run_address>0x216</run_address>
         <size>0x39</size>
         <input_file_ref idref="fl-25"/>
      </object_component>
      <object_component id="oc-1fc">
         <name>.debug_frame</name>
         <load_address>0x24f</load_address>
         <run_address>0x24f</run_address>
         <size>0x39</size>
         <input_file_ref idref="fl-27"/>
      </object_component>
      <object_component id="oc-1b5">
         <name>.debug_frame</name>
         <load_address>0x288</load_address>
         <run_address>0x288</run_address>
         <size>0x39</size>
         <input_file_ref idref="fl-48"/>
      </object_component>
      <object_component id="oc-1d4">
         <name>.debug_frame</name>
         <load_address>0x2c1</load_address>
         <run_address>0x2c1</run_address>
         <size>0x39</size>
         <input_file_ref idref="fl-4f"/>
      </object_component>
      <object_component id="oc-1d7">
         <name>.debug_frame</name>
         <load_address>0x2fa</load_address>
         <run_address>0x2fa</run_address>
         <size>0x48</size>
         <input_file_ref idref="fl-52"/>
      </object_component>
      <object_component id="oc-21f">
         <name>.debug_frame</name>
         <load_address>0x342</load_address>
         <run_address>0x342</run_address>
         <size>0x45</size>
         <input_file_ref idref="fl-53"/>
      </object_component>
      <object_component id="oc-229">
         <name>.debug_frame</name>
         <load_address>0x387</load_address>
         <run_address>0x387</run_address>
         <size>0x39</size>
         <input_file_ref idref="fl-55"/>
      </object_component>
      <object_component id="oc-258">
         <name>.debug_aranges</name>
         <load_address>0x0</load_address>
         <run_address>0x0</run_address>
         <size>0x20</size>
         <input_file_ref idref="fl-4"/>
      </object_component>
      <object_component id="oc-24f">
         <name>.debug_aranges</name>
         <load_address>0x20</load_address>
         <run_address>0x20</run_address>
         <size>0x20</size>
         <input_file_ref idref="fl-4"/>
      </object_component>
      <object_component id="oc-1f2">
         <name>.debug_aranges</name>
         <load_address>0x40</load_address>
         <run_address>0x40</run_address>
         <size>0x20</size>
         <input_file_ref idref="fl-5"/>
      </object_component>
      <object_component id="oc-1c6">
         <name>.debug_aranges</name>
         <load_address>0x60</load_address>
         <run_address>0x60</run_address>
         <size>0x20</size>
         <input_file_ref idref="fl-5"/>
      </object_component>
      <object_component id="oc-293">
         <name>.debug_aranges</name>
         <load_address>0x80</load_address>
         <run_address>0x80</run_address>
         <size>0x20</size>
         <input_file_ref idref="fl-7"/>
      </object_component>
      <object_component id="oc-297">
         <name>.debug_aranges</name>
         <load_address>0xa0</load_address>
         <run_address>0xa0</run_address>
         <size>0x20</size>
         <input_file_ref idref="fl-7"/>
      </object_component>
      <object_component id="oc-248">
         <name>.debug_aranges</name>
         <load_address>0xc0</load_address>
         <run_address>0xc0</run_address>
         <size>0x20</size>
         <input_file_ref idref="fl-7"/>
      </object_component>
      <object_component id="oc-a4">
         <name>.debug_aranges</name>
         <load_address>0xe0</load_address>
         <run_address>0xe0</run_address>
         <size>0x20</size>
         <input_file_ref idref="fl-23"/>
      </object_component>
      <object_component id="oc-59">
         <name>.debug_aranges</name>
         <load_address>0x100</load_address>
         <run_address>0x100</run_address>
         <size>0x20</size>
         <input_file_ref idref="fl-24"/>
      </object_component>
      <object_component id="oc-5f">
         <name>.debug_aranges</name>
         <load_address>0x120</load_address>
         <run_address>0x120</run_address>
         <size>0x20</size>
         <input_file_ref idref="fl-25"/>
      </object_component>
      <object_component id="oc-1f8">
         <name>.debug_aranges</name>
         <load_address>0x140</load_address>
         <run_address>0x140</run_address>
         <size>0x20</size>
         <input_file_ref idref="fl-27"/>
      </object_component>
      <object_component id="oc-1be">
         <name>.debug_aranges</name>
         <load_address>0x160</load_address>
         <run_address>0x160</run_address>
         <size>0x20</size>
         <input_file_ref idref="fl-47"/>
      </object_component>
      <object_component id="oc-1b3">
         <name>.debug_aranges</name>
         <load_address>0x180</load_address>
         <run_address>0x180</run_address>
         <size>0x20</size>
         <input_file_ref idref="fl-48"/>
      </object_component>
      <object_component id="oc-263">
         <name>.debug_aranges</name>
         <load_address>0x1a0</load_address>
         <run_address>0x1a0</run_address>
         <size>0x20</size>
         <input_file_ref idref="fl-4b"/>
      </object_component>
      <object_component id="oc-1d0">
         <name>.debug_aranges</name>
         <load_address>0x1c0</load_address>
         <run_address>0x1c0</run_address>
         <size>0x20</size>
         <input_file_ref idref="fl-4f"/>
      </object_component>
      <object_component id="oc-1da">
         <name>.debug_aranges</name>
         <load_address>0x1e0</load_address>
         <run_address>0x1e0</run_address>
         <size>0x20</size>
         <input_file_ref idref="fl-52"/>
      </object_component>
      <object_component id="oc-222">
         <name>.debug_aranges</name>
         <load_address>0x200</load_address>
         <run_address>0x200</run_address>
         <size>0x20</size>
         <input_file_ref idref="fl-53"/>
      </object_component>
      <object_component id="oc-225">
         <name>.debug_aranges</name>
         <load_address>0x220</load_address>
         <run_address>0x220</run_address>
         <size>0x20</size>
         <input_file_ref idref="fl-55"/>
      </object_component>
      <object_component id="oc-259">
         <name>.debug_pubnames</name>
         <load_address>0x0</load_address>
         <run_address>0x0</run_address>
         <size>0x22</size>
         <input_file_ref idref="fl-4"/>
      </object_component>
      <object_component id="oc-250">
         <name>.debug_pubnames</name>
         <load_address>0x22</load_address>
         <run_address>0x22</run_address>
         <size>0x20</size>
         <input_file_ref idref="fl-4"/>
      </object_component>
      <object_component id="oc-253">
         <name>.debug_pubnames</name>
         <load_address>0x42</load_address>
         <run_address>0x42</run_address>
         <size>0x54</size>
         <input_file_ref idref="fl-5"/>
      </object_component>
      <object_component id="oc-1f1">
         <name>.debug_pubnames</name>
         <load_address>0x96</load_address>
         <run_address>0x96</run_address>
         <size>0x1b</size>
         <input_file_ref idref="fl-5"/>
      </object_component>
      <object_component id="oc-1c5">
         <name>.debug_pubnames</name>
         <load_address>0xb1</load_address>
         <run_address>0xb1</run_address>
         <size>0x1d</size>
         <input_file_ref idref="fl-5"/>
      </object_component>
      <object_component id="oc-292">
         <name>.debug_pubnames</name>
         <load_address>0xce</load_address>
         <run_address>0xce</run_address>
         <size>0x29</size>
         <input_file_ref idref="fl-7"/>
      </object_component>
      <object_component id="oc-298">
         <name>.debug_pubnames</name>
         <load_address>0xf7</load_address>
         <run_address>0xf7</run_address>
         <size>0x27</size>
         <input_file_ref idref="fl-7"/>
      </object_component>
      <object_component id="oc-247">
         <name>.debug_pubnames</name>
         <load_address>0x11e</load_address>
         <run_address>0x11e</run_address>
         <size>0x22</size>
         <input_file_ref idref="fl-7"/>
      </object_component>
      <object_component id="oc-1a3">
         <name>.debug_pubnames</name>
         <load_address>0x140</load_address>
         <run_address>0x140</run_address>
         <size>0x1d</size>
         <input_file_ref idref="fl-22"/>
      </object_component>
      <object_component id="oc-a5">
         <name>.debug_pubnames</name>
         <load_address>0x15d</load_address>
         <run_address>0x15d</run_address>
         <size>0x2d</size>
         <input_file_ref idref="fl-23"/>
      </object_component>
      <object_component id="oc-5a">
         <name>.debug_pubnames</name>
         <load_address>0x18a</load_address>
         <run_address>0x18a</run_address>
         <size>0x2b</size>
         <input_file_ref idref="fl-24"/>
      </object_component>
      <object_component id="oc-60">
         <name>.debug_pubnames</name>
         <load_address>0x1b5</load_address>
         <run_address>0x1b5</run_address>
         <size>0x2b</size>
         <input_file_ref idref="fl-25"/>
      </object_component>
      <object_component id="oc-1fa">
         <name>.debug_pubnames</name>
         <load_address>0x1e0</load_address>
         <run_address>0x1e0</run_address>
         <size>0x1c</size>
         <input_file_ref idref="fl-27"/>
      </object_component>
      <object_component id="oc-1c0">
         <name>.debug_pubnames</name>
         <load_address>0x1fc</load_address>
         <run_address>0x1fc</run_address>
         <size>0x2b</size>
         <input_file_ref idref="fl-47"/>
      </object_component>
      <object_component id="oc-1b2">
         <name>.debug_pubnames</name>
         <load_address>0x227</load_address>
         <run_address>0x227</run_address>
         <size>0x1d</size>
         <input_file_ref idref="fl-48"/>
      </object_component>
      <object_component id="oc-262">
         <name>.debug_pubnames</name>
         <load_address>0x244</load_address>
         <run_address>0x244</run_address>
         <size>0x27</size>
         <input_file_ref idref="fl-4b"/>
      </object_component>
      <object_component id="oc-1d2">
         <name>.debug_pubnames</name>
         <load_address>0x26b</load_address>
         <run_address>0x26b</run_address>
         <size>0x27</size>
         <input_file_ref idref="fl-4f"/>
      </object_component>
      <object_component id="oc-1d9">
         <name>.debug_pubnames</name>
         <load_address>0x292</load_address>
         <run_address>0x292</run_address>
         <size>0x2a</size>
         <input_file_ref idref="fl-52"/>
      </object_component>
      <object_component id="oc-223">
         <name>.debug_pubnames</name>
         <load_address>0x2bc</load_address>
         <run_address>0x2bc</run_address>
         <size>0x1e</size>
         <input_file_ref idref="fl-53"/>
      </object_component>
      <object_component id="oc-227">
         <name>.debug_pubnames</name>
         <load_address>0x2da</load_address>
         <run_address>0x2da</run_address>
         <size>0x29</size>
         <input_file_ref idref="fl-55"/>
      </object_component>
   </object_component_list>
   <logical_group_list>
      <logical_group id="lg-2" display="no" color="cyan">
         <name>.bss</name>
         <run_address>0x0</run_address>
         <size>0x0</size>
         <contents>
         </contents>
      </logical_group>
      <logical_group id="lg-3" display="no" color="cyan">
         <name>.data</name>
         <run_address>0x1100</run_address>
         <size>0x8</size>
         <contents>
            <object_component_ref idref="oc-251"/>
         </contents>
      </logical_group>
      <logical_group id="lg-4" display="no" color="cyan">
         <name>.TI.noinit</name>
         <run_address>0x0</run_address>
         <size>0x0</size>
         <contents>
         </contents>
      </logical_group>
      <logical_group id="lg-5" display="no" color="cyan">
         <name>.sysmem</name>
         <run_address>0x0</run_address>
         <size>0x0</size>
         <contents>
         </contents>
      </logical_group>
      <logical_group id="lg-6" display="no" color="cyan">
         <name>.stack</name>
         <run_address>0x30b0</run_address>
         <size>0x50</size>
         <contents>
            <object_component_ref idref="oc-1a1"/>
            <object_component_ref idref="oc-2fa"/>
         </contents>
      </logical_group>
      <logical_group id="lg-2fb" display="no" color="cyan">
         <name>.text</name>
         <load_address>0x10000</load_address>
         <run_address>0x10000</run_address>
         <size>0x2cc</size>
         <contents>
            <object_component_ref idref="oc-245"/>
            <object_component_ref idref="oc-1d5"/>
            <object_component_ref idref="oc-57"/>
            <object_component_ref idref="oc-21e"/>
            <object_component_ref idref="oc-28f"/>
            <object_component_ref idref="oc-1ef"/>
            <object_component_ref idref="oc-295"/>
            <object_component_ref idref="oc-260"/>
            <object_component_ref idref="oc-1b0"/>
            <object_component_ref idref="oc-5d"/>
            <object_component_ref idref="oc-1f7"/>
            <object_component_ref idref="oc-24b"/>
            <object_component_ref idref="oc-254"/>
            <object_component_ref idref="oc-1cf"/>
            <object_component_ref idref="oc-224"/>
         </contents>
      </logical_group>
      <split_section id="lg-7" display="no" color="cyan">
         <name>.text</name>
         <contents>
            <logical_group_ref idref="lg-2fb"/>
         </contents>
      </split_section>
      <logical_group id="lg-8" display="no" color="cyan">
         <name>.text:_isr</name>
         <load_address>0x3100</load_address>
         <run_address>0x3100</run_address>
         <size>0x46</size>
         <contents>
            <object_component_ref idref="oc-1c2"/>
            <object_component_ref idref="oc-a0"/>
            <object_component_ref idref="oc-1bd"/>
         </contents>
      </logical_group>
      <logical_group id="lg-9" display="no" color="cyan">
         <name>.cinit</name>
         <load_address>0x3146</load_address>
         <run_address>0x3146</run_address>
         <size>0x18</size>
         <contents>
            <object_component_ref idref="oc-2f7"/>
            <object_component_ref idref="oc-2f9"/>
            <object_component_ref idref="oc-2f8"/>
         </contents>
      </logical_group>
      <logical_group id="lg-a" display="no" color="cyan">
         <name>.const</name>
         <run_address>0x0</run_address>
         <size>0x0</size>
         <contents>
         </contents>
      </logical_group>
      <logical_group id="lg-b" display="no" color="cyan">
         <name>.bslsignature</name>
         <run_address>0x0</run_address>
         <size>0x0</size>
         <contents>
         </contents>
      </logical_group>
      <logical_group id="lg-c" display="no" color="cyan">
         <name>.cio</name>
         <run_address>0x0</run_address>
         <size>0x0</size>
         <contents>
         </contents>
      </logical_group>
      <logical_group id="lg-d" display="no" color="cyan">
         <name>.pinit</name>
         <run_address>0x0</run_address>
         <size>0x0</size>
         <contents>
         </contents>
      </logical_group>
      <logical_group id="lg-e" display="no" color="cyan">
         <name>.binit</name>
[...]
      </symbol>
      <symbol id="sm-84">
         <name>P8SEL</name>
         <value>0x3f</value>
      </symbol>
      <symbol id="sm-85">
         <name>P8REN</name>
         <value>0x15</value>
      </symbol>
      <symbol id="sm-86">
         <name>PAIN</name>
         <value>0x38</value>
      </symbol>
      <symbol id="sm-87">
         <name>PAOUT</name>
         <value>0x3a</value>
      </symbol>
      <symbol id="sm-88">
         <name>PADIR</name>
         <value>0x3c</value>
      </symbol>
      <symbol id="sm-89">
         <name>PASEL</name>
         <value>0x3e</value>
      </symbol>
      <symbol id="sm-8a">
         <name>PAREN</name>
         <value>0x14</value>
      </symbol>
      <symbol id="sm-8b">
         <name>SVSCTL</name>
         <value>0x55</value>
      </symbol>
      <symbol id="sm-8c">
         <name>TAIV</name>
         <value>0x12e</value>
      </symbol>
      <symbol id="sm-8d">
         <name>TACTL</name>
         <value>0x160</value>
      </symbol>
      <symbol id="sm-8e">
         <name>TACCTL0</name>
         <value>0x162</value>
      </symbol>
      <symbol id="sm-8f">
         <name>TACCTL1</name>
         <value>0x164</value>
      </symbol>
      <symbol id="sm-90">
         <name>TACCTL2</name>
         <value>0x166</value>
      </symbol>
      <symbol id="sm-91">
         <name>TAR</name>
         <value>0x170</value>
      </symbol>
      <symbol id="sm-92">
         <name>TACCR0</name>
         <value>0x172</value>
      </symbol>
      <symbol id="sm-93">
         <name>TACCR1</name>
         <value>0x174</value>
      </symbol>
      <symbol id="sm-94">
         <name>TACCR2</name>
         <value>0x176</value>
      </symbol>
      <symbol id="sm-95">
         <name>TBIV</name>
         <value>0x11e</value>
      </symbol>
      <symbol id="sm-96">
         <name>TBCTL</name>
         <value>0x180</value>
      </symbol>
      <symbol id="sm-97">
         <name>TBCCTL0</name>
         <value>0x182</value>
      </symbol>
      <symbol id="sm-98">
         <name>TBCCTL1</name>
         <value>0x184</value>
      </symbol>
      <symbol id="sm-99">
         <name>TBCCTL2</name>
         <value>0x186</value>
      </symbol>
      <symbol id="sm-9a">
         <name>TBCCTL3</name>
         <value>0x188</value>
      </symbol>
      <symbol id="sm-9b">
         <name>TBCCTL4</name>
         <value>0x18a</value>
      </symbol>
      <symbol id="sm-9c">
         <name>TBCCTL5</name>
         <value>0x18c</value>
      </symbol>
      <symbol id="sm-9d">
         <name>TBCCTL6</name>
         <value>0x18e</value>
      </symbol>
      <symbol id="sm-9e">
         <name>TBR</name>
         <value>0x190</value>
      </symbol>
      <symbol id="sm-9f">
         <name>TBCCR0</name>
         <value>0x192</value>
      </symbol>
      <symbol id="sm-a0">
         <name>TBCCR1</name>
         <value>0x194</value>
      </symbol>
      <symbol id="sm-a1">
         <name>TBCCR2</name>
         <value>0x196</value>
      </symbol>
      <symbol id="sm-a2">
         <name>TBCCR3</name>
         <value>0x198</value>
      </symbol>
      <symbol id="sm-a3">
         <name>TBCCR4</name>
         <value>0x19a</value>
      </symbol>
      <symbol id="sm-a4">
         <name>TBCCR5</name>
         <value>0x19c</value>
      </symbol>
      <symbol id="sm-a5">
         <name>TBCCR6</name>
         <value>0x19e</value>
      </symbol>
      <symbol id="sm-a6">
         <name>UCA0CTL0</name>
         <value>0x60</value>
      </symbol>
      <symbol id="sm-a7">
         <name>UCA0CTL1</name>
         <value>0x61</value>
      </symbol>
      <symbol id="sm-a8">
         <name>UCA0BR0</name>
         <value>0x62</value>
      </symbol>
      <symbol id="sm-a9">
         <name>UCA0BR1</name>
         <value>0x63</value>
      </symbol>
      <symbol id="sm-aa">
         <name>UCA0MCTL</name>
         <value>0x64</value>
      </symbol>
      <symbol id="sm-ab">
         <name>UCA0STAT</name>
         <value>0x65</value>
      </symbol>
      <symbol id="sm-ac">
         <name>UCA0RXBUF</name>
         <value>0x66</value>
      </symbol>
      <symbol id="sm-ad">
         <name>UCA0TXBUF</name>
         <value>0x67</value>
      </symbol>
      <symbol id="sm-ae">
         <name>UCA0ABCTL</name>
         <value>0x5d</value>
      </symbol>
      <symbol id="sm-af">
         <name>UCA0IRTCTL</name>
         <value>0x5e</value>
      </symbol>
      <symbol id="sm-b0">
         <name>UCA0IRRCTL</name>
         <value>0x5f</value>
      </symbol>
      <symbol id="sm-b1">
         <name>UCB0CTL0</name>
         <value>0x68</value>
      </symbol>
      <symbol id="sm-b2">
         <name>UCB0CTL1</name>
         <value>0x69</value>
      </symbol>
      <symbol id="sm-b3">
         <name>UCB0BR0</name>
         <value>0x6a</value>
      </symbol>
      <symbol id="sm-b4">
         <name>UCB0BR1</name>
         <value>0x6b</value>
      </symbol>
      <symbol id="sm-b5">
         <name>UCB0I2CIE</name>
         <value>0x6c</value>
      </symbol>
      <symbol id="sm-b6">
         <name>UCB0STAT</name>
         <value>0x6d</value>
      </symbol>
      <symbol id="sm-b7">
         <name>UCB0RXBUF</name>
         <value>0x6e</value>
      </symbol>
      <symbol id="sm-b8">
         <name>UCB0TXBUF</name>
         <value>0x6f</value>
      </symbol>
      <symbol id="sm-b9">
         <name>UCB0I2COA</name>
         <value>0x118</value>
      </symbol>
      <symbol id="sm-ba">
         <name>UCB0I2CSA</name>
         <value>0x11a</value>
      </symbol>
      <symbol id="sm-bb">
         <name>UCA1CTL0</name>
         <value>0xd0</value>
      </symbol>
      <symbol id="sm-bc">
         <name>UCA1CTL1</name>
         <value>0xd1</value>
      </symbol>
      <symbol id="sm-bd">
         <name>UCA1BR0</name>
         <value>0xd2</value>
      </symbol>
      <symbol id="sm-be">
         <name>UCA1BR1</name>
         <value>0xd3</value>
      </symbol>
      <symbol id="sm-bf">
         <name>UCA1MCTL</name>
         <value>0xd4</value>
      </symbol>
      <symbol id="sm-c0">
         <name>UCA1STAT</name>
         <value>0xd5</value>
      </symbol>
      <symbol id="sm-c1">
         <name>UCA1RXBUF</name>
         <value>0xd6</value>
      </symbol>
      <symbol id="sm-c2">
         <name>UCA1TXBUF</name>
         <value>0xd7</value>
      </symbol>
      <symbol id="sm-c3">
         <name>UCA1ABCTL</name>
         <value>0xcd</value>
      </symbol>
      <symbol id="sm-c4">
         <name>UCA1IRTCTL</name>
         <value>0xce</value>
      </symbol>
      <symbol id="sm-c5">
         <name>UCA1IRRCTL</name>
         <value>0xcf</value>
      </symbol>
      <symbol id="sm-c6">
         <name>UCB1CTL0</name>
         <value>0xd8</value>
      </symbol>
      <symbol id="sm-c7">
         <name>UCB1CTL1</name>
         <value>0xd9</value>
      </symbol>
      <symbol id="sm-c8">
         <name>UCB1BR0</name>
         <value>0xda</value>
      </symbol>
      <symbol id="sm-c9">
         <name>UCB1BR1</name>
         <value>0xdb</value>
      </symbol>
      <symbol id="sm-ca">
         <name>UCB1I2CIE</name>
         <value>0xdc</value>
      </symbol>
      <symbol id="sm-cb">
         <name>UCB1STAT</name>
         <value>0xdd</value>
      </symbol>
      <symbol id="sm-cc">
         <name>UCB1RXBUF</name>
         <value>0xde</value>
      </symbol>
      <symbol id="sm-cd">
         <name>UCB1TXBUF</name>
         <value>0xdf</value>
      </symbol>
      <symbol id="sm-ce">
         <name>UCB1I2COA</name>
         <value>0x17c</value>
      </symbol>
      <symbol id="sm-cf">
         <name>UCB1I2CSA</name>
         <value>0x17e</value>
      </symbol>
      <symbol id="sm-d0">
         <name>WDTCTL</name>
         <value>0x120</value>
      </symbol>
      <symbol id="sm-d1">
         <name>TLV_CHECKSUM</name>
         <value>0x10c0</value>
      </symbol>
      <symbol id="sm-d2">
         <name>TLV_DCO_30_TAG</name>
         <value>0x10f6</value>
      </symbol>
      <symbol id="sm-d3">
         <name>TLV_DCO_30_LEN</name>
         <value>0x10f7</value>
      </symbol>
      <symbol id="sm-d4">
         <name>TLV_ADC12_1_TAG</name>
         <value>0x10da</value>
      </symbol>
      <symbol id="sm-d5">
         <name>TLV_ADC12_1_LEN</name>
         <value>0x10db</value>
      </symbol>
      <symbol id="sm-d6">
         <name>CALDCO_16MHZ</name>
         <value>0x10f8</value>
      </symbol>
      <symbol id="sm-d7">
         <name>CALBC1_16MHZ</name>
         <value>0x10f9</value>
      </symbol>
      <symbol id="sm-d8">
         <name>CALDCO_12MHZ</name>
         <value>0x10fa</value>
      </symbol>
      <symbol id="sm-d9">
         <name>CALBC1_12MHZ</name>
         <value>0x10fb</value>
      </symbol>
      <symbol id="sm-da">
         <name>CALDCO_8MHZ</name>
         <value>0x10fc</value>
      </symbol>
      <symbol id="sm-db">
         <name>CALBC1_8MHZ</name>
         <value>0x10fd</value>
      </symbol>
      <symbol id="sm-dc">
         <name>CALDCO_1MHZ</name>
         <value>0x10fe</value>
      </symbol>
      <symbol id="sm-dd">
         <name>CALBC1_1MHZ</name>
         <value>0x10ff</value>
      </symbol>
      <symbol id="sm-de">
         <name>__TI_CINIT_Base</name>
         <value>0x3156</value>
      </symbol>
      <symbol id="sm-df">
         <name>__TI_CINIT_Limit</name>
         <value>0x315e</value>
      </symbol>
      <symbol id="sm-e0">
         <name>__TI_Handler_Table_Base</name>
         <value>0x3146</value>
      </symbol>
      <symbol id="sm-e1">
         <name>__TI_Handler_Table_Limit</name>
         <value>0x314e</value>
      </symbol>
      <symbol id="sm-e2">
         <name>__STACK_SIZE</name>
         <value>0x50</value>
      </symbol>
      <symbol id="sm-e3">
         <name>__STACK_END</name>
         <value>0x3100</value>
      </symbol>
      <symbol id="sm-e4">
         <name>__c_args__</name>
         <value>0xffffffff</value>
      </symbol>
      <symbol id="sm-e5">
         <name>__TI_pprof_out_hndl</name>
         <value>0xffffffff</value>
      </symbol>
      <symbol id="sm-e6">
         <name>__TI_prof_data_start</name>
         <value>0xffffffff</value>
      </symbol>
      <symbol id="sm-e7">
         <name>__TI_prof_data_size</name>
         <value>0xffffffff</value>
      </symbol>
      <symbol id="sm-141">
         <name>led1_init</name>
         <value>0x102ba</value>
         <object_component_ref idref="oc-24b"/>
      </symbol>
      <symbol id="sm-142">
         <name>led1_toggle</name>
         <value>0x102c0</value>
         <object_component_ref idref="oc-254"/>
      </symbol>
      <symbol id="sm-15c">
         <name>__TI_int18</name>
         <value>0xffe4</value>
         <object_component_ref idref="oc-75"/>
      </symbol>
      <symbol id="sm-15d">
         <name>button_flag</name>
         <value>0x1100</value>
         <object_component_ref idref="oc-251"/>
      </symbol>
      <symbol id="sm-15e">
         <name>Port_1</name>
         <value>0x3100</value>
         <object_component_ref idref="oc-1c2"/>
      </symbol>
      <symbol id="sm-15f">
         <name>LED_BLINK</name>
         <value>0x1106</value>
         <object_component_ref idref="oc-251"/>
      </symbol>
      <symbol id="sm-160">
         <name>main</name>
         <value>0x1021e</value>
         <object_component_ref idref="oc-1ef"/>
      </symbol>
      <symbol id="sm-161">
         <name>int2_Acc_flag</name>
         <value>0x1104</value>
         <object_component_ref idref="oc-251"/>
      </symbol>
      <symbol id="sm-162">
         <name>int1_Acc_flag</name>
         <value>0x1102</value>
         <object_component_ref idref="oc-251"/>
      </symbol>
      <symbol id="sm-17d">
         <name>system_init</name>
         <value>0x10000</value>
         <object_component_ref idref="oc-245"/>
      </symbol>
      <symbol id="sm-185">
         <name>_stack</name>
         <value>0x30b0</value>
         <object_component_ref idref="oc-1a1"/>
      </symbol>
      <symbol id="sm-186">
         <name>_reset_vector</name>
         <value>0xfffe</value>
         <object_component_ref idref="oc-1a4"/>
      </symbol>
      <symbol id="sm-190">
         <name>_c_int00_noargs_noexit</name>
         <value>0x3124</value>
         <object_component_ref idref="oc-a0"/>
      </symbol>
      <symbol id="sm-1ae">
         <name>__TI_decompress_lzss</name>
         <value>0x10108</value>
         <object_component_ref idref="oc-57"/>
      </symbol>
      <symbol id="sm-1c4">
         <name>__TI_decompress_none</name>
         <value>0x102a2</value>
         <object_component_ref idref="oc-5d"/>
      </symbol>
      <symbol id="sm-1cf">
         <name>C$$EXIT</name>
         <value>0x102b4</value>
         <object_component_ref idref="oc-1f7"/>
      </symbol>
      <symbol id="sm-1d0">
         <name>abort</name>
         <value>0x102b4</value>
         <object_component_ref idref="oc-1f7"/>
      </symbol>
      <symbol id="sm-1d4">
         <name>__TI_int00</name>
         <value>0xffc0</value>
         <object_component_ref idref="oc-63"/>
      </symbol>
      <symbol id="sm-1d7">
         <name>__TI_int01</name>
         <value>0xffc2</value>
         <object_component_ref idref="oc-64"/>
      </symbol>
      <symbol id="sm-1da">
         <name>__TI_int02</name>
         <value>0xffc4</value>
         <object_component_ref idref="oc-65"/>
      </symbol>
      <symbol id="sm-1dd">
         <name>__TI_int03</name>
         <value>0xffc6</value>
         <object_component_ref idref="oc-66"/>
      </symbol>
      <symbol id="sm-1e0">
         <name>__TI_int04</name>
         <value>0xffc8</value>
         <object_component_ref idref="oc-67"/>
      </symbol>
      <symbol id="sm-1e3">
         <name>__TI_int05</name>
         <value>0xffca</value>
         <object_component_ref idref="oc-68"/>
      </symbol>
      <symbol id="sm-1e6">
         <name>__TI_int06</name>
         <value>0xffcc</value>
         <object_component_ref idref="oc-69"/>
      </symbol>
      <symbol id="sm-1e9">
         <name>__TI_int07</name>
         <value>0xffce</value>
         <object_component_ref idref="oc-6a"/>
      </symbol>
      <symbol id="sm-1ec">
         <name>__TI_int08</name>
         <value>0xffd0</value>
         <object_component_ref idref="oc-6b"/>
      </symbol>
      <symbol id="sm-1ef">
         <name>__TI_int09</name>
         <value>0xffd2</value>
         <object_component_ref idref="oc-6c"/>
      </symbol>
      <symbol id="sm-1f2">
         <name>__TI_int10</name>
         <value>0xffd4</value>
         <object_component_ref idref="oc-6d"/>
      </symbol>
      <symbol id="sm-1f5">
         <name>__TI_int11</name>
         <value>0xffd6</value>
         <object_component_ref idref="oc-6e"/>
      </symbol>
      <symbol id="sm-1f8">
         <name>__TI_int12</name>
         <value>0xffd8</value>
         <object_component_ref idref="oc-6f"/>
      </symbol>
      <symbol id="sm-1fb">
         <name>__TI_int13</name>
         <value>0xffda</value>
         <object_component_ref idref="oc-70"/>
      </symbol>
      <symbol id="sm-1fe">
         <name>__TI_int14</name>
         <value>0xffdc</value>
         <object_component_ref idref="oc-71"/>
      </symbol>
      <symbol id="sm-201">
         <name>__TI_int15</name>
         <value>0xffde</value>
         <object_component_ref idref="oc-72"/>
      </symbol>
      <symbol id="sm-204">
         <name>__TI_int16</name>
         <value>0xffe0</value>
         <object_component_ref idref="oc-73"/>
      </symbol>
      <symbol id="sm-207">
         <name>__TI_int17</name>
         <value>0xffe2</value>
         <object_component_ref idref="oc-74"/>
      </symbol>
      <symbol id="sm-20a">
         <name>__TI_int19</name>
         <value>0xffe6</value>
         <object_component_ref idref="oc-76"/>
      </symbol>
      <symbol id="sm-20d">
         <name>__TI_int20</name>
         <value>0xffe8</value>
         <object_component_ref idref="oc-77"/>
      </symbol>
      <symbol id="sm-210">
         <name>__TI_int21</name>
         <value>0xffea</value>
         <object_component_ref idref="oc-78"/>
      </symbol>
      <symbol id="sm-213">
         <name>__TI_int22</name>
         <value>0xffec</value>
         <object_component_ref idref="oc-79"/>
      </symbol>
      <symbol id="sm-216">
         <name>__TI_int23</name>
         <value>0xffee</value>
         <object_component_ref idref="oc-7a"/>
      </symbol>
      <symbol id="sm-219">
         <name>__TI_int24</name>
         <value>0xfff0</value>
         <object_component_ref idref="oc-7b"/>
      </symbol>
      <symbol id="sm-21c">
         <name>__TI_int25</name>
         <value>0xfff2</value>
         <object_component_ref idref="oc-7c"/>
      </symbol>
      <symbol id="sm-21f">
         <name>__TI_int26</name>
         <value>0xfff4</value>
         <object_component_ref idref="oc-7d"/>
      </symbol>
      <symbol id="sm-222">
         <name>__TI_int27</name>
         <value>0xfff6</value>
         <object_component_ref idref="oc-7e"/>
      </symbol>
      <symbol id="sm-225">
         <name>__TI_int28</name>
         <value>0xfff8</value>
         <object_component_ref idref="oc-7f"/>
      </symbol>
      <symbol id="sm-228">
         <name>__TI_int29</name>
         <value>0xfffa</value>
         <object_component_ref idref="oc-80"/>
      </symbol>
      <symbol id="sm-22b">
         <name>__TI_int30</name>
         <value>0xfffc</value>
         <object_component_ref idref="oc-81"/>
      </symbol>
      <symbol id="sm-233">
         <name>__TI_ISR_TRAP</name>
         <value>0x313e</value>
         <object_component_ref idref="oc-1bd"/>
      </symbol>
      <symbol id="sm-241">
         <name>memcpy</name>
         <value>0x1028e</value>
         <object_component_ref idref="oc-1b0"/>
      </symbol>
      <symbol id="sm-24b">
         <name>__mspabi_mpyi_hw</name>
         <value>0x10276</value>
         <object_component_ref idref="oc-260"/>
      </symbol>
      <symbol id="sm-257">
         <name>_system_pre_init</name>
         <value>0x102c6</value>
         <object_component_ref idref="oc-1cf"/>
      </symbol>
      <symbol id="sm-27b">
         <name>_auto_init_hold_wdt</name>
         <value>0x10086</value>
         <object_component_ref idref="oc-1d5"/>
      </symbol>
      <symbol id="sm-291">
         <name>copy_in</name>
         <value>0x10180</value>
         <object_component_ref idref="oc-21e"/>
      </symbol>
      <symbol id="sm-29b">
         <name>_system_post_cinit</name>
         <value>0x102ca</value>
         <object_component_ref idref="oc-224"/>
      </symbol>
      <symbol id="sm-29e">
         <name>__TI_BINIT_Base</name>
         <value>0x0</value>
      </symbol>
      <symbol id="sm-29f">
         <name>__TI_BINIT_Limit</name>
         <value>0x0</value>
      </symbol>
      <symbol id="sm-2a0">
         <name>__TI_INITARRAY_Base</name>
         <value>0x0</value>
      </symbol>
      <symbol id="sm-2a1">
         <name>__TI_INITARRAY_Limit</name>
         <value>0x0</value>
      </symbol>
   </symbol_table>
   <title>Link successful</title>
</link_info>
